../Core/Src/main.c:128:6:get_timestamp	80	static
../Core/Src/main.c:143:6:HAL_ADC_ConvCpltCallback	16	static
../Core/Src/main.c:156:6:HAL_TIM_PeriodElapsedCallback	16	static
../Core/Src/main.c:161:6:HAL_UART_RxCpltCallback	16	static
../Core/Src/main.c:177:6:calculate_rms	32	static
../Core/Src/main.c:281:6:handle_load_command	8	static
../Core/Src/main.c:286:6:Menu_lvl_0	88	static
../Core/Src/main.c:371:6:Menu_lvl_1	64	static
../Core/Src/main.c:414:6:Menu_Load	24	static
../Core/Src/main.c:454:6:Menu_lvl_2	24	static
../Core/Src/main.c:486:6:Menu_Count	24	static
../Core/Src/main.c:537:6:Menu_Add_Units	56	static
../Core/Src/main.c:603:5:main	40	static
../Core/Src/main.c:703:6:SystemClock_Config	96	static
../Core/Src/main.c:751:13:MX_ADC1_Init	24	static
../Core/Src/main.c:819:13:MX_I2C1_Init	8	static
../Core/Src/main.c:867:13:MX_RTC_Init	32	static
../Core/Src/main.c:933:13:MX_TIM2_Init	48	static
../Core/Src/main.c:981:13:MX_USART2_UART_Init	8	static
../Core/Src/main.c:1027:13:MX_DMA_Init	16	static
../Core/Src/main.c:1045:13:MX_GPIO_Init	56	static
../Core/Src/main.c:1114:6:Error_Handler	8	static,ignoring_inline_asm
